Script started on 2020-04-12 10:25:34-0700
bjorkl2@linux-09:~/repos/Labs/lab-1-lily-bjork$ edit src/main/java/lab1/Hello.ja va
[?2004h[?1049h[22;0;0t[?1h=[?2004h[1;43r[?12h[?12l[27m[23m[29m[m[H[2J[?25l[43;1H<s/lab-1-lily-bjork/src/main/java/lab1/Hello.java"<lily-bjork/src/main/java/lab1/Hello.java" 8L, 154C[2;1Hâ–½[6n[2;1H  [1;1H[>c]10;?]11;?[1;1H[35mpackage[m lab1;

[32mpublic[m [32mclass[m Hello {
  [32mpublic[m [32mstatic[m [32mvoid[m main(String[] args) {
    String name=args[[31m0[m];
    System.out.println([31m"Hello,"[m+name+[31m" !"[m);
  }
}
[94m~                                                                               [10;1H~                                                                               [11;1H~                                                                               [12;1H~                                                                               [13;1H~                                                                               [14;1H~                                                                               [15;1H~                                                                               [16;1H~                                                                               [17;1H~                                                                               [18;1H~                                                                               [19;1H~                                                                               [20;1H~                                                                               [21;1H~                                                                               [22;1H~                                                                               [23;1H~                                                                               [24;1H~                                                                               [25;1H~                                                                               [26;1H~                                                                               [27;1H~                                                                               [28;1H~                                                                               [29;1H~                                                                               [30;1H~                                                                               [31;1H~                                                                               [32;1H~                                                                               [33;1H~                                                                               [34;1H~                                                                               [35;1H~                                                                               [36;1H~                                                                               [37;1H~                                                                               [38;1H~                                                                               [39;1H~                                                                               [40;1H~                                                                               [41;1H~                                                                               [42;1H~                                                                               [m[43;63H5,24[10CAll[5;24H[?25h[?25l[43;53Hi[5;24H[43;53H [5;24H[43;1H[1m-- INSERT --[m[43;13H[K[43;63H5,24[10CAll[5;24H[?25h[?25li;[43;66H5[5;25H[?25h[?25lm;[43;66H6[5;26H[?25h[?25lp;[43;66H7[5;27H[?25h[?25l;[5;27H[K[43;66H6[5;26H[?25h[?25l;[5;26H[K[43;66H5[5;25H[?25h[?25l;[5;25H[K[5;21H[106m[[1C][m[43;66H4[5;24H[?25h[?25l[[1C][43;63H4[4;24H[?25h[?25l[3;20H[106m{[8;1H}[m[43;63H3,21[3;21H[?25h[?25l{[8;1H}[43;63H2,1 [2;1H[?25h[?25l[43;63H1,14[1;14H[?25h[?25l[43;63H2,1 [2;1H[?25h[?25li[43;65H2[2;2H[?25h[?25lm[43;65H3[2;3H[?25h[?25lp[43;65H4[2;4H[?25h[?25lo[43;65H5[2;5H[?25h[?25lr[43;65H6[2;6H[?25h[?25l[35mimport[m[43;65H7[2;7H[?25h[?25l[43;65H8[2;8H[?25h[?25ls[43;65H9[2;9H[?25h[?25l[2;8H[K[43;65H8[2;8H[?25h[?25lS[43;65H9[2;9H[?25h[?25lc[43;65H10[2;10H[?25h[?25la[43;66H1[2;11H[?25h[?25ln[43;66H2[2;12H[?25h[?25ln[43;66H3[2;13H[?25h[?25le[43;66H4[2;14H[?25h[?25lr[43;66H5[2;15H[?25h[?25l;[43;66H6[2;16H[?25h[?25l[43;63H3[3;16H[?25h[?25l[43;63H4[4;16H[?25h[?25l[43;66H7[4;17H[?25h[?25l[43;66H8[4;18H[?25h[?25l[43;66H9[4;19H[?25h[?25l[43;65H20[4;20H[?25h[?25l[43;66H1[4;21H[?25h[?25l[43;66H2[4;22H[?25h[?25l[43;66H3[4;23H[?25h[?25l[43;66H4[4;24H[?25h[?25l[43;66H5[4;25H[?25h[?25ln[106m([13C)[m[43;66H6[4;26H[?25h[?25l[43;66H7[4;27H[?25h[?25l([13C)[43;66H8[4;28H[?25h[?25l[43;66H9[4;29H[?25h[?25l[43;65H30[4;30H[?25h[?25l[43;66H1[4;31H[?25h[?25l[43;66H2[4;32H[?25h[?25lg[106m[][m[43;66H3[4;33H[?25h[?25l[43;66H4[4;34H[?25h[?25l[43;66H5[4;35H[?25h[?25l[][43;66H6[4;36H[?25h[?25l[43;66H7[4;37H[?25h[?25l[43;66H8[4;38H[?25h[?25l[43;66H9[4;39H[?25h[?25l[4;26H[106m([13C)[m[43;65H40[4;40H[?25h[?25l[43;66H1[4;41H[?25h[?25l[4;26H([13C) [106m{[7;3H}[m[43;66H2[4;42H[?25h[?25l[43;66H3[4;43H[?25h[?25l{[7;3H}[43;63H5,25[5;25H[?25h[?25l[106m[[1C][m[43;66H4[5;24H[?25h[?25l[43;66H3[5;23H[?25h[?25l[43;66H2[5;22H[?25h[?25l[43;66H1[5;21H[?25h[?25l[[1C][43;66H0[5;20H[?25h[?25l[43;65H17[5;17H[?25h[?25l[43;66H6[5;16H[?25h[?25l[43;66H5[5;15H[?25h[?25l[43;66H4[5;14H[?25h[?25l[43;66H3[5;13H[?25h[?25l[43;66H2[5;12H[?25h[?25l[43;66H1[5;11H[?25h[?25l[43;65H9 [5;9H[?25h[?25l[43;65H7[5;7H[?25h[?25l[43;65H6[5;6H[?25h[?25l[43;65H5[5;5H[?25h[?25l[43;65H4[5;4H[?25h[?25l[43;65H5[5;5H[?25h[?25l[6;42r[6;1H[L[1;43r[5;5H[K[6;11HString name=args[[31m0[m];[43;63H[K[43;63H6,4-11[8CAll[6;11H[?25h[?25lString name=args[[31m0[m];[6;30H[K[43;65H3-10[6;10H[?25h[?25lString name=args[[31m0[m];[6;29H[K[43;65H2-9 [6;9H[?25h[?25lString name=args[[31m0[m];[6;21H[K[43;65H1  [6;1H[?25h[?25l[5;42r[42;1H
[1;43r[5;1H    String name=args[[31m0[m];[42;1H[94m~                                                                               [m[43;63H[K[43;63H5,5[11CAll[5;5H[?25h[?25l[6;42r[6;1H[L[1;43r[5;5H[K[6;11HString name=args[[31m0[m];[43;63H[K[43;63H6,4-11[8CAll[6;11H[?25h[?25l[43;63H5,5   [5;5H[?25h[?25lS[43;65H6[5;6H[?25h[?25ln[43;65H7[5;7H[?25h[?25la[43;65H8[5;8H[?25h[?25l[5;7H[K[43;65H7[5;7H[?25h[?25l[5;6H[K[43;65H6[5;6H[?25h[?25lc[43;65H7[5;7H[?25h[?25la[43;65H8[5;8H[?25h[?25ln[43;65H9[5;9H[?25h[?25ln[43;65H10[5;10H[?25h[?25le[43;66H1[5;11H[?25h[?25lr[43;66H2[5;12H[?25h[?25l[43;66H3[5;13H[?25h[?25ls[43;66H4[5;14H[?25h[?25lc[43;66H5[5;15H[?25h[?25la[43;66H6[5;16H[?25h[?25ln[43;66H7[5;17H[?25h[?25ln[43;66H8[5;18H[?25h[?25le[43;66H9[5;19H[?25h[?25lr[43;65H20[5;20H[?25h[?25l=[43;66H1[5;21H[?25h[?25ln[43;66H2[5;22H[?25h[?25le[43;66H3[5;23H[?25h[?25l[38;5;130mnew[m[43;66H4[5;24H[?25h[?25l[43;66H5[5;25H[?25h[?25ls[43;66H6[5;26H[?25h[?25l[5;25H[K[43;66H5[5;25H[?25h[?25lS[43;66H6[5;26H[?25h[?25lc[43;66H7[5;27H[?25h[?25la[43;66H8[5;28H[?25h[?25ln[43;66H9[5;29H[?25h[?25ln[43;65H30[5;30H[?25h[?25le[43;66H1[5;31H[?25h[?25lr[43;66H2[5;32H[?25h[?25l;[43;66H3[5;33H[?25h[?25l[4;33H[106m[][m[43;63H4[4;33H[?25h[?25l[3;20H[106m{[m[4;33H[][9;1H[106m}[m[43;63H3,21[3;21H[?25h[?25l{[9;1H}[43;63H2,16[2;16H[?25h[?25l[43;66H5[2;15H[?25h[?25l[43;66H4[2;14H[?25h[?25l[43;66H3[2;13H[?25h[?25l[43;66H2[2;12H[?25h[?25l[43;66H1[2;11H[?25h[?25l[43;66H0[2;10H[?25h[?25l[43;65H9 [2;9H[?25h[?25l[43;65H8[2;8H[?25h[?25ljScanner;[43;65H9[2;9H[?25h[?25laScanner;[43;65H10[2;10H[?25h[?25lvScanner;[43;66H1[2;11H[?25h[?25laScanner;[43;66H2[2;12H[?25h[?25l.Scanner;[43;66H3[2;13H[?25h[?25luScanner;[43;66H4[2;14H[?25h[?25ltScanner;[43;66H5[2;15H[?25h[?25liScanner;[43;66H6[2;16H[?25h[?25llScanner;[43;66H7[2;17H[?25h[?25l.Scanner;[43;66H8[2;18H[?25h[?25l[43;63H3[3;18H[?25h[?25l[43;63H4[4;18H[?25h[?25l[43;63H5[5;18H[?25h[?25l[43;66H9[5;19H[?25h[?25l[43;65H20[5;20H[?25h[?25l[43;66H1[5;21H[?25h[?25l[43;66H2[5;22H[?25h[?25l[43;66H3[5;23H[?25h[?25l[43;66H4[5;24H[?25h[?25l[43;63H6,17-24[6;24H[?25h[?25l[43;66H6-23[6;23H[?25h[?25l[43;66H7-24[6;24H[?25h[?25l[43;66H8-25[6;25H[?25h[?25l[43;66H9-26[6;26H[?25h[?25ls[106m[[1C][m[43;65H20-27[6;27H[?25h[?25l[43;66H1-28[6;28H[?25h[?25l[43;66H2-29[6;29H[?25h[?25l[43;66H3-30[6;30H[?25h[?25l[106m;[m[6;30H[K[6;27H[[1C;[43;66H2-29[6;29H[?25h[?25l;[6;29H[K[43;66H1-28[6;28H[?25h[?25l;[6;28H[K[43;66H0-27[6;27H[?25h[?25l;[6;27H[K[43;65H19-26[6;26H[?25h[?25l;[6;26H[K[43;66H8-25[6;25H[?25h[?25l;[6;25H[K[43;66H7-24[6;24H[?25h[?25l;[6;24H[K[43;66H6-23[6;23H[?25h[?25ls;[43;66H7-24[6;24H[?25h[?25lc;[43;66H8-25[6;25H[?25h[?25la;[43;66H9-26[6;26H[?25h[?25ln;[43;65H20-27[6;27H[?25h[?25ln;[43;66H1-28[6;28H[?25h[?25le;[43;66H2-29[6;29H[?25h[?25lr;[43;66H3-30[6;30H[?25h[?25l.;[43;66H4-31[6;31H[?25h[?25ln;[43;66H5-32[6;32H[?25h[?25le;[43;66H6-33[6;33H[?25h[?25lx;[43;66H7-34[6;34H[?25h[?25lt;[43;66H8-35[6;35H[?25h[?25lL;[43;66H9-36[6;36H[?25h[?25li;[43;65H30-37[6;37H[?25h[?25ln;[43;66H1-38[6;38H[?25h[?25le;[43;66H2-39[6;39H[?25h[?25l(;[43;66H3-40[6;40H[?25h[?25l);[106m()[m[43;66H4-41[6;41H[?25h[?25l()[43;63H5,33   [5;33H[?25h[43;1H[K[5;32H[?25l[43;53H^[[5;32H[43;53H  [5;33H[43;63H5,32[10CAll[5;32H[?25h[?25l[43;53H:[5;32H[43;53H[K[43;1H:[?2004h[?25hw[?25l[?25hq[?25l[?25h[?25l[?2004l"src/main/java/lab1/Hello.java" 9L, 222C written
[?2004l[?1l>[?25h[?1049l[23;0;0tbjorkl2@linux-09:~/repos/Labs/lab-1-lily-bjork$ gradle run[K[K[K[K[K[K[K[K[Kradel[K[Kle run --args="21[K41"

[1AStarting a Gradle Daemon, 1 incompatible and 1 stopped Daemons could not be reused, use --status for details


[2A[1B[1m> Starting Daemon[m[17D[1B[1A> IDLE[0K[6D[1B
[2A[1m<[0;1m-------------> 0% INITIALIZING [48ms][m[38D[1B[1m> Evaluating settings[m[21D[1B[2A[1m<[0;1m-------------> 0% INITIALIZING [148ms][m[39D[2B[2A[1m<[0;1m-------------> 0% INITIALIZING [247ms][m[39D[2B[2A[1m<[0;1m-------------> 0% INITIALIZING [348ms][m[39D[2B[2A[1m<[0;1m-------------> 0% INITIALIZING [448ms][m[39D[2B[2A[1m<[0;1m-------------> 0% INITIALIZING [548ms][m[39D[2B[2A[1m<[0;1m-------------> 0% CONFIGURING [648ms][m[0K[38D[1B[1m> Loading projects[m[0K[18D[1B[2A[1m<[0;1m-------------> 0% CONFIGURING [748ms][m[38D[2B[2A[1m<[0;1m-------------> 0% CONFIGURING [848ms][m[38D[1B[1m> root project[m[0K[14D[1B[2A[1m<[0;1m-------------> 0% CONFIGURING [948ms][m[38D[2B[2A[1m<[0;1m-------------> 0% CONFIGURING [1s][m[0K[35D[2B[2A[1m<[0;32;1m=============[0;39;1m> 100% CONFIGURING [1s][m[37D[1B> IDLE[0K[6D[1B[2A[1m<[0;1m-------------> 0% EXECUTING [1s][m[0K[33D[1B[1m> :compileJava[m[14D[1B[1A[1m> :compileJava > Resolve dependencies of :compileClasspath[m[58D[1B[2A[1m<[0;1m-------------> 0% EXECUTING [2s][m[33D[1B[1m> :compileJava[m[0K[14D[1B[2A[0K
[31;1m> Task :compileJava[0;39m[31m FAILED[39m
/home/bjorkl2/repos/Labs/lab-1-lily-bjork/src/main/java/lab1/Hello.java:5: error: '(' or '[' expected
    Scanner scanner=new Scanner;
                               ^
1 error

[31mFAILURE: [39m[31mBuild failed with an exception.[39m

* What went wrong:
Execution failed for task ':compileJava'.
[33m> [39mCompilation failed; see the compiler error output for details.

* Try:
Run with [1m--stacktrace[m option to get the stack trace. Run with [1m--info[m or [1m--debug[m option to get more log output. Run with [1m--scan[m to get full insights.

* Get more help at [1mhttps://help.gradle.org[m

[31;1mBUILD FAILED[0;39m in 12s
1 actionable task: 1 executed
[0K
[0K
[2A[1m<[0;1m-------------> 0% WAITING[m[26D[1B> IDLE[6D[1B[2A[2K[1B[2K[1A[0m[?12l[?25hbjorkl2@linux-09:~/repos/Labs/lab-1-lily-bjork$ gradle [K[K[K[K[K[K[K$[Kgit status'[K
On branch master
Your branch is up to date with 'origin/master'.

Changes not staged for commit:
  (use "git add <file>..." to update what will be committed)
  (use "git checkout -- <file>..." to discard changes in working directory)

	[31mmodified:   src/main/java/lab1/Hello.java[m

Untracked files:
  (use "git add <file>..." to include in what will be committed)

	[31m.gradle/[m
	[31mbuild/[m
	[31mtypescript[m

no changes added to commit (use "git add" and/or "git commit -a")
bjorkl2@linux-09:~/repos/Labs/lab-1-lily-bjork$ git add src/main/java/lab1/Hello .java
bjorkl2@linux-09:~/repos/Labs/lab-1-lily-bjork$ git commit -m "A[Kmo[K[KModified code to  [A[C[C[C[C[C[C[C[C[C[C[C[C[C[C[C[C[C[C[C[C[C[C[C[C[C[C[C[C[C[C[C[C[C[C[C[C[C[C[C[C[C[C[C[C[C[C[C[C[C[C[C[C[C[C[C[C[C[C[C[C[C[C[C[C[C[C[C[C[C[C[C[C[C[C[C[C[C[C[C[K
[K[A[C[C[C[C[C[C[C[C[C[C[C[C[C[C[C[C[C[C[C[C[C[C[C[C[C[C[C[C[C[C[C[C[C[C[C[C[C[C[C[C[C[C[C[C[C[C[C[C[C[C[C[C[C[C[C[C[C[C[C[C[C[C[C[C[C[C[C[C[C[C[C[C[C[C[C[C[C[C[C[K[K[K to  pring[Kt arguments rather than world"
[master a725cc6] Modified code to print arguments rather than world
 1 file changed, 4 insertions(+), 2 deletions(-)
bjorkl2@linux-09:~/repos/Labs/lab-1-lily-bjork$ git status
On branch master
Your branch is ahead of 'origin/master' by 1 commit.
  (use "git push" to publish your local commits)

Untracked files:
  (use "git add <file>..." to include in what will be committed)

	[31m.gradle/[m
	[31mbuild/[m
	[31mtypescript[m

nothing added to commit but untracked files present (use "git add" to track)
bjorkl2@linux-09:~/repos/Labs/lab-1-lily-bjork$ git add [K[K[K[K[K[K[K[Kls
build	      gradle	       src	   username.txt
build.gradle  settings.gradle  typescript  writeup.txt
bjorkl2@linux-09:~/repos/Labs/lab-1-lily-bjork$ git add .gradle/
bjorkl2@linux-09:~/repos/Labs/lab-1-lily-bjork$ git status
On branch master
Your branch is ahead of 'origin/master' by 1 commit.
  (use "git push" to publish your local commits)

Changes to be committed:
  (use "git reset HEAD <file>..." to unstage)

	[32mnew file:   .gradle/6.1/executionHistory/executionHistory.bin[m
	[32mnew file:   .gradle/6.1/executionHistory/executionHistory.lock[m
	[32mnew file:   .gradle/6.1/fileChanges/last-build.bin[m
	[32mnew file:   .gradle/6.1/fileContent/fileContent.lock[m
	[32mnew file:   .gradle/6.1/fileHashes/fileHashes.bin[m
	[32mnew file:   .gradle/6.1/fileHashes/fileHashes.lock[m
	[32mnew file:   .gradle/6.1/gc.properties[m
	[32mnew file:   .gradle/6.1/javaCompile/classAnalysis.bin[m
	[32mnew file:   .gradle/6.1/javaCompile/javaCompile.lock[m
	[32mnew file:   .gradle/6.1/javaCompile/taskHistory.bin[m
	[32mnew file:   .gradle/buildOutputCleanup/buildOutputCleanup.lock[m
	[32mnew file:   .gradle/buildOutputCleanup/cache.properties[m
	[32mnew file:   .gradle/buildOutputCleanup/outputFiles.bin[m
	[32mnew file:   .gradle/checksums/checksums.lock[m
	[32mnew file:   .gradle/checksums/md5-checksums.bin[m
	[32mnew file:   .gradle/checksums/sha1-checksums.bin[m
	[32mnew file:   .gradle/vcs-1/gc.properties[m

Untracked files:
  (use "git add <file>..." to include in what will be committed)

	[31mbuild/[m
	[31mtypescript[m

bjorkl2@linux-09:~/repos/Labs/lab-1-lily-bjork$ git commit .gradle/
